INFO: Running with entropic power schedule (0xFF, 100).
INFO: Seed: 3106130657
INFO: Loaded 1 modules   (32039 inline 8-bit counters): 32039 [0xf1ef20, 0xf26c47), 
INFO: Loaded 1 PC tables (32039 PCs): 32039 [0xba8048,0xc252b8), 
/out/fuzz_pkcs15_reader: Running 1 inputs 1 time(s) each.
Running: /tmp/poc
=================================================================
==29039==ERROR: AddressSanitizer: stack-buffer-overflow on address 0x7f3bb24fb295 at pc 0x0000008a1b1a bp 0x7ffca5424790 sp 0x7ffca5424788
READ of size 1 at 0x7f3bb24fb295 thread T0
SCARINESS: 27 (1-byte-read-stack-buffer-overflow)
    #0 0x8a1b19 in iasecc_process_fci /src/opensc/src/libopensc/card-iasecc.c:1190:3
    #1 0x896a83 in iasecc_select_file /src/opensc/src/libopensc/card-iasecc.c:1056:10
    #2 0x890460 in iasecc_init /src/opensc/src/libopensc/card-iasecc.c:639:9
    #3 0x569031 in sc_connect_card /src/opensc/src/libopensc/card.c:358:8
    #4 0x5585b7 in LLVMFuzzerTestOneInput /src/opensc/src/tests/fuzzing/fuzz_pkcs15_reader.c:209:5
    #5 0x45c561 in fuzzer::Fuzzer::ExecuteCallback(unsigned char const*, unsigned long) /src/llvm-project/compiler-rt/lib/fuzzer/FuzzerLoop.cpp:599:15
    #6 0x446222 in fuzzer::RunOneTest(fuzzer::Fuzzer*, char const*, unsigned long) /src/llvm-project/compiler-rt/lib/fuzzer/FuzzerDriver.cpp:323:6
    #7 0x44c576 in fuzzer::FuzzerDriver(int*, char***, int (*)(unsigned char const*, unsigned long)) /src/llvm-project/compiler-rt/lib/fuzzer/FuzzerDriver.cpp:856:9
    #8 0x476562 in main /src/llvm-project/compiler-rt/lib/fuzzer/FuzzerMain.cpp:20:10
    #9 0x7f3bb0aa583f in __libc_start_main (/lib/x86_64-linux-gnu/libc.so.6+0x2083f)
    #10 0x420be8 in _start (/out/fuzz_pkcs15_reader+0x420be8)

DEDUP_TOKEN: iasecc_process_fci--iasecc_select_file--iasecc_init
Address 0x7f3bb24fb295 is located in stack of thread T0 at offset 661 in frame
    #0 0x8924cf in iasecc_select_file /src/opensc/src/libopensc/card-iasecc.c:847

DEDUP_TOKEN: iasecc_select_file
  This frame has 5 object(s):
    [32, 96) 'lpath' (line 849)
    [128, 136) 'file' (line 877)
    [160, 224) 'ppath' (line 878)
    [256, 360) 'apdu' (line 935)
    [400, 661) 'rbuf' (line 937) <== Memory access at offset 661 overflows this variable
HINT: this may be a false positive if your program uses some custom stack unwind mechanism, swapcontext or vfork
      (longjmp and C++ exceptions *are* supported)
SUMMARY: AddressSanitizer: stack-buffer-overflow /src/opensc/src/libopensc/card-iasecc.c:1190:3 in iasecc_process_fci
Shadow bytes around the buggy address:
  0x0fe7f6497600: f1 f1 f1 f1 00 00 00 00 00 00 00 00 f2 f2 f2 f2
  0x0fe7f6497610: f8 f2 f2 f2 f8 f8 f8 f8 f8 f8 f8 f8 f2 f2 f2 f2
  0x0fe7f6497620: 00 00 00 00 00 00 00 00 00 00 00 00 00 f2 f2 f2
  0x0fe7f6497630: f2 f2 00 00 00 00 00 00 00 00 00 00 00 00 00 00
  0x0fe7f6497640: 00 00 00 00 00 00 00 00 00 00 00 00 00 00 00 00
=>0x0fe7f6497650: 00 00[05]f3 f3 f3 f3 f3 f3 f3 f3 f3 00 00 00 00
  0x0fe7f6497660: 00 00 00 00 00 00 00 00 00 00 00 00 00 00 00 00
  0x0fe7f6497670: 00 00 00 00 00 00 00 00 00 00 00 00 00 00 00 00
  0x0fe7f6497680: 00 00 00 00 00 00 00 00 00 00 00 00 00 00 00 00
  0x0fe7f6497690: 00 00 00 00 00 00 00 00 00 00 00 00 00 00 00 00
  0x0fe7f64976a0: 00 00 00 00 00 00 00 00 00 00 00 00 00 00 00 00
Shadow byte legend (one shadow byte represents 8 application bytes):
  Addressable:           00
  Partially addressable: 01 02 03 04 05 06 07 
  Heap left redzone:       fa
  Freed heap region:       fd
  Stack left redzone:      f1
  Stack mid redzone:       f2
  Stack right redzone:     f3
  Stack after return:      f5
  Stack use after scope:   f8
  Global redzone:          f9
  Global init order:       f6
  Poisoned by user:        f7
  Container overflow:      fc
  Array cookie:            ac
  Intra object redzone:    bb
  ASan internal:           fe
  Left alloca redzone:     ca
  Right alloca redzone:    cb
  Shadow gap:              cc
==29039==ABORTING
