>>> authentic_get_tagged_data
authentic_get_tagged_data:tag = 24320
authentic_get_tagged_data:tag_len = 2
authentic_get_tagged_data:size_len = 1
authentic_get_tagged_data:offs = 3
authentic_get_tagged_data:tag = 0
authentic_get_tagged_data:tag_len = 1
authentic_get_tagged_data:size_len = 1
authentic_get_tagged_data:offs = 7
authentic_get_tagged_data:tag = 0
authentic_get_tagged_data:tag_len = 1
authentic_get_tagged_data:size_len = 1
authentic_get_tagged_data:offs = 11
authentic_get_tagged_data:tag = 0
authentic_get_tagged_data:tag_len = 1
authentic_get_tagged_data:size_len = 1
authentic_get_tagged_data:offs = 15
authentic_get_tagged_data:tag = 0
authentic_get_tagged_data:tag_len = 1
authentic_get_tagged_data:size_len = 1
authentic_get_tagged_data:offs = 19
authentic_get_tagged_data:tag = 7
authentic_get_tagged_data:tag_len = 1
authentic_get_tagged_data:size_len = 3
authentic_get_tagged_data:offs = 120
authentic_get_tagged_data:tag = 2
authentic_get_tagged_data:tag_len = 1
authentic_get_tagged_data:size_len = 1
authentic_get_tagged_data:offs = 122
authentic_get_tagged_data:tag = 144
authentic_get_tagged_data:tag_len = 1
authentic_get_tagged_data:size_len = 1
authentic_get_tagged_data:offs = 124
authentic_get_tagged_data:tag = 2
authentic_get_tagged_data:tag_len = 1
authentic_get_tagged_data:size_len = 1
authentic_get_tagged_data:offs = 126
authentic_get_tagged_data:tag = 97
authentic_get_tagged_data:tag_len = 1
authentic_get_tagged_data:size_len = 1
authentic_get_tagged_data:offs = 128
authentic_get_tagged_data:tag = 246
authentic_get_tagged_data:tag_len = 1
authentic_get_tagged_data:size_len = 1
authentic_get_tagged_data:offs = 130
authentic_get_tagged_data:tag = 144
authentic_get_tagged_data:tag_len = 1
authentic_get_tagged_data:size_len = 1
authentic_get_tagged_data:offs = 132
authentic_get_tagged_data:tag = 2
authentic_get_tagged_data:tag_len = 1
authentic_get_tagged_data:size_len = 1
authentic_get_tagged_data:offs = 134
authentic_get_tagged_data:tag = 97
authentic_get_tagged_data:tag_len = 1
authentic_get_tagged_data:size_len = 1
authentic_get_tagged_data:offs = 136
authentic_get_tagged_data:tag = 2
authentic_get_tagged_data:tag_len = 1
authentic_get_tagged_data:size_len = 1
authentic_get_tagged_data:offs = 138
authentic_get_tagged_data:tag = 144
authentic_get_tagged_data:tag_len = 1
authentic_get_tagged_data:size_len = 1
authentic_get_tagged_data:offs = 141
authentic_get_tagged_data:tag = 32512
authentic_get_tagged_data:tag_len = 2
authentic_get_tagged_data:size_len = 1
authentic_get_tagged_data:offs = 144
authentic_get_tagged_data:tag = 0
authentic_get_tagged_data:tag_len = 1
authentic_get_tagged_data:size_len = 1
authentic_get_tagged_data:offs = 146
authentic_get_tagged_data:tag = 7
authentic_get_tagged_data:tag_len = 1
authentic_get_tagged_data:size_len = 1
authentic_get_tagged_data:offs = 148
authentic_get_tagged_data:tag = 2
authentic_get_tagged_data:tag_len = 1
authentic_get_tagged_data:size_len = 1
authentic_get_tagged_data:offs = 150
authentic_get_tagged_data:tag = 97
authentic_get_tagged_data:tag_len = 1
authentic_get_tagged_data:size_len = 1
authentic_get_tagged_data:offs = 152
authentic_get_tagged_data:tag = 2
authentic_get_tagged_data:tag_len = 1
authentic_get_tagged_data:size_len = 1
authentic_get_tagged_data:offs = 154
authentic_get_tagged_data:tag = 144
authentic_get_tagged_data:tag_len = 1
authentic_get_tagged_data:size_len = 1
authentic_get_tagged_data:offs = 156
authentic_get_tagged_data:tag = 2
authentic_get_tagged_data:tag_len = 1
authentic_get_tagged_data:size_len = 1
authentic_get_tagged_data:offs = 158
authentic_get_tagged_data:tag = 97
authentic_get_tagged_data:tag_len = 1
authentic_get_tagged_data:size_len = 1
authentic_get_tagged_data:offs = 160
authentic_get_tagged_data:tag = 2
authentic_get_tagged_data:tag_len = 1
authentic_get_tagged_data:size_len = 1
authentic_get_tagged_data:offs = 162
authentic_get_tagged_data:tag = 144
authentic_get_tagged_data:tag_len = 1
authentic_get_tagged_data:size_len = 1
authentic_get_tagged_data:offs = 164
authentic_get_tagged_data:tag = 2
authentic_get_tagged_data:tag_len = 1
authentic_get_tagged_data:size_len = 1
authentic_get_tagged_data:offs = 166
authentic_get_tagged_data:tag = 97
authentic_get_tagged_data:tag_len = 1
authentic_get_tagged_data:size_len = 1
authentic_get_tagged_data:offs = 168
authentic_get_tagged_data:tag = 2
authentic_get_tagged_data:tag_len = 1
authentic_get_tagged_data:size_len = 1
authentic_get_tagged_data:offs = 170
authentic_get_tagged_data:tag = 144
authentic_get_tagged_data:tag_len = 1
authentic_get_tagged_data:size_len = 1
authentic_get_tagged_data:offs = 172
authentic_get_tagged_data:tag = 2
authentic_get_tagged_data:tag_len = 1
authentic_get_tagged_data:size_len = 1
authentic_get_tagged_data:offs = 174
authentic_get_tagged_data:tag = 97
authentic_get_tagged_data:tag_len = 1
authentic_get_tagged_data:size_len = 1
authentic_get_tagged_data:offs = 176
authentic_get_tagged_data:tag = 2
authentic_get_tagged_data:tag_len = 1
authentic_get_tagged_data:size_len = 1
authentic_get_tagged_data:offs = 178
authentic_get_tagged_data:tag = 139
authentic_get_tagged_data:tag_len = 1
authentic_get_tagged_data:size_len = 1
authentic_get_tagged_data:offs = 180
authentic_get_tagged_data:tag = 2
authentic_get_tagged_data:tag_len = 1
authentic_get_tagged_data:size_len = 1
authentic_get_tagged_data:offs = 182
authentic_get_tagged_data:tag = 24322
authentic_get_tagged_data:tag_len = 2
authentic_get_tagged_data:size_len = 3
